[
[0, "BUILD","tests/mappings/BUILD","",null,null],
[2, "foodir",null,"711","foo","bar"],
[0, "mappings_test.bzl","tests/mappings/mappings_test.bzl","0644",null,null],
[3, "treeartifact","tests/mappings/treeartifact","0644",null,null]
]
