[
    {"type": "file", "dest": "an_executable.runfiles/tests/BUILD", "src": "tests/BUILD", "mode": "", "user": null, "group": null, "uid": null, "gid": null, "origin": "@//tests:an_executable"},
    {"type": "file", "dest": "an_executable.runfiles/tests/an_executable", "src": "tests/an_executable", "mode": "0755", "user": null, "group": null, "uid": null, "gid": null, "origin": "@//tests:an_executable"},
    {"type": "file", "dest": "an_executable", "src": "tests/an_executable", "mode": "0755", "user": null, "group": null, "uid": null, "gid": null, "origin": "@//tests:an_executable"}
]
