[
["BUILD","tests/mappings/BUILD","",null,null,"",0],
["foodir",null,"711","foo","bar","",1],
["mappings_test.bzl","tests/mappings/mappings_test.bzl","0644",null,null,"",0]
]
